// Jest Snapshot v1, https://goo.gl/fbAQLP

exports[`handler should display error, if GraphQL sends error messages 1`] = `
Array [
  Array [
    "[31mOops! The Lagoon API returned an error:[39m",
  ],
  Array [
    "[31msomething something error[39m",
  ],
]
`;

exports[`handler should list details for multiple projects 1`] = `
Array [
  Array [
    "╔══════════════════════════╤══════════════════════════════════════════════╤══════════╤═══════════════╤═════════════════════╗
║ Project                  │ Git URL                                      │ Branches │ Pull Requests │ Created             ║
╟──────────────────────────┼──────────────────────────────────────────────┼──────────┼───────────────┼─────────────────────╢
║ credentialstest-project1 │ ssh://git@192.168.99.1:2222/git/project1.git │ true     │ null          │ 2018-01-15 11:09:35 ║
╟──────────────────────────┼──────────────────────────────────────────────┼──────────┼───────────────┼─────────────────────╢
║ credentialstest-project2 │ ssh://git@192.168.99.1:2222/git/project2.git │ true     │ null          │ 2018-01-15 11:09:35 ║
╚══════════════════════════╧══════════════════════════════════════════════╧══════════╧═══════════════╧═════════════════════╝
",
  ],
]
`;

exports[`handler should print notice on empty projects array 1`] = `
Array [
  Array [
    "No projects found.",
  ],
]
`;
